diff --git a/src/config.ts b/src/config.ts
index 745908f..4f5a665 100644
--- a/src/config.ts
+++ b/src/config.ts
@@ -86,6 +86,10 @@ export interface Config {
     enabled?: boolean; // can draw
     visible?: boolean; // can view
     defaultSnapToValidMove?: boolean;
+    // false to keep the drawing whenever the user clicks/taps on the board.
+    // When true (default), clicking an empty square or immovable piece clears the drawing regardless, and
+    // clicking on a (currently unselected) movable piece clears it too when eraseOnMovablePieceClick is true.
+    eraseOnClick?: boolean;
     // Clicking an empty square or immovable piece will clear the drawing regardless, but when this property is true,
     // clicking on a (currently unselected) movable piece will also clear the drawing.
     eraseOnMovablePieceClick?: boolean;
diff --git a/src/drag.ts b/src/drag.ts
index 0fbe74a..5c44dd1 100644
--- a/src/drag.ts
+++ b/src/drag.ts
@@ -32,6 +32,7 @@ export function start(s: State, e: cg.MouchEvent): void {
   if (
     !previouslySelected &&
     s.drawable.enabled &&
+    s.drawable.eraseOnClick &&
     (s.drawable.eraseOnMovablePieceClick || !piece || piece.color !== s.turnColor)
   )
     drawClear(s);
diff --git a/src/draw.ts b/src/draw.ts
index 1fe7d4f..ee6435b 100644
--- a/src/draw.ts
+++ b/src/draw.ts
@@ -44,6 +44,7 @@ export interface Drawable {
   enabled: boolean; // can draw
   visible: boolean; // can view
   defaultSnapToValidMove: boolean;
+  eraseOnClick: boolean;
   eraseOnMovablePieceClick: boolean;
   onChange?: (shapes: DrawShape[]) => void;
   shapes: DrawShape[]; // user shapes
diff --git a/src/state.ts b/src/state.ts
index df9a318..ea12c8c 100644
--- a/src/state.ts
+++ b/src/state.ts
@@ -177,6 +177,7 @@ export function defaults(): HeadlessState {
       enabled: true, // can draw
       visible: true, // can view
       defaultSnapToValidMove: true,
+      eraseOnClick: true,
       eraseOnMovablePieceClick: true,
       shapes: [],
       autoShapes: [],
=== TEST ===
 ✓ tests/premove.test.ts (1 test) 4ms
 ✓ tests/eraseOnClick.test.ts (6 tests) 6ms

 Test Files  3 passed (3)
      Tests  9 passed (9)
   Start at  18:34:37
   Duration  1.36s (transform 150ms, setup 0ms, collect 339ms, tests 13ms, environment 2.04s, prepare 673ms)

