D:\dev\ab-tasks\chessjs-dsv4-r2
total 198423
drwxrwxrwx 1 somebody somegroup   4096 Aug 20 20:32 .
drwxrwxrwx 1 somebody somegroup  12288 Aug 20 20:32 ..
-rwxrwxrwx 1 somebody somegroup    838 Aug 20 20:32 .eslintrc.cjs
-rwxrwxrwx 1 somebody somegroup     63 Aug 20 20:32 .git
drwxrwxrwx 1 somebody somegroup      0 Aug 20 20:32 .github
-rwxrwxrwx 1 somebody somegroup     61 Aug 20 20:32 .gitignore
-rwxrwxrwx 1 somebody somegroup     60 Aug 20 20:32 .npmignore
-rwxrwxrwx 1 somebody somegroup    110 Aug 20 20:32 .prettierignore
-rwxrwxrwx 1 somebody somegroup    332 Aug 20 20:32 .prettierrc
-rwxrwxrwx 1 somebody somegroup   2406 Aug 20 20:32 CONTRIBUTING.md
-rwxrwxrwx 1 somebody somegroup   1315 Aug 20 20:32 LICENSE
-rwxrwxrwx 1 somebody somegroup   1460 Aug 20 20:32 README.md
drwxrwxrwx 1 somebody somegroup      0 Aug 20 20:32 __tests__
-rwxrwxrwx 1 somebody somegroup    972 Aug 20 20:32 api-extractor.json
drwxrwxrwx 1 somebody somegroup      0 Aug 20 20:32 benchmarks
-rwxrwxrwx 1 somebody somegroup   3015 Aug 20 20:32 chessjslogo.svg
-rwxrwxrwx 1 somebody somegroup     50 Aug 20 20:32 debug.sh
drwxrwxrwx 1 somebody somegroup      0 Aug 20 20:32 dist
-rwxrwxrwx 1 somebody somegroup   1440 Aug 20 20:32 eslint.config.cjs
drwxrwxrwx 1 somebody somegroup      0 Aug 20 20:32 etc
drwxrwxrwx 1 somebody somegroup      0 Aug 20 20:32 node_modules
-rwxrwxrwx 1 somebody somegroup 164303 Aug 20 20:32 package-lock.json
-rwxrwxrwx 1 somebody somegroup   1962 Aug 20 20:32 package.json
-rwxrwxrwx 1 somebody somegroup    244 Aug 20 20:32 peggy.config.mjs
-rwxrwxrwx 1 somebody somegroup    828 Aug 20 20:32 rollup.config.mjs
drwxrwxrwx 1 somebody somegroup      0 Aug 20 20:32 src
-rwxrwxrwx 1 somebody somegroup     66 Aug 20 20:32 tsconfig.api.json
-rwxrwxrwx 1 somebody somegroup    114 Aug 20 20:32 tsconfig.cjs.json
-rwxrwxrwx 1 somebody somegroup    114 Aug 20 20:32 tsconfig.esm.json
-rwxrwxrwx 1 somebody somegroup    214 Aug 20 20:32 tsconfig.json
-rwxrwxrwx 1 somebody somegroup    150 Aug 20 20:32 tsconfig.types.json
-rwxrwxrwx 1 somebody somegroup   1715 Aug 20 20:32 update-version.ts
-rwxrwxrwx 1 somebody somegroup    207 Aug 20 20:32 vite.config.mts
drwxrwxrwx 1 somebody somegroup      0 Aug 20 20:32 website
{
  "name": "chess.js",
  "description": "TypeScript library for chess move generation, validation, execution, and game state - everything but the AI.",
  "version": "1.4.0",
  "license": "BSD-2-Clause",
  "main": "dist/cjs/chess.js",
  "module": "dist/esm/chess.js",
  "types": "dist/types/chess.d.ts",
  "homepage": "https://github.com/jhlywa/chess.js",
  "keywords": ["chess", "fen", "pgn", "typescript"],
  "author": "Jeff Hlywa <jhlywa@gmail.com>",
  "scripts": {
    "prepare": "npm run build",
    "build": "npm run parser && tsc --noEmit && rollup -c",
    "check": "npm run format:check && npm run lint && vitest run && npm run build && api-extractor run --verbose",
    "clean": "rm -rf ./dist; rm -f src/pgn.js src/pgn.d.ts",
    "format": "prettier --write .",
    "format:check": "prettier --check .",
    "lint": "eslint src/ --ext .ts",
    "parser": "peggy -c peggy.config.mjs",
    "test": "vitest",
    "test:coverage": "vitest --coverage",
    "bench": "tsx benchmarks/bench.ts",
    "update-version": "tsx update-version.ts",
    "api:check": "npm run build && api-extractor run --verbose",
    "api:update": "npm run build && api-extractor run --local --verbose"
  },
  "repository": {
    "type": "git",
    "url": "https://github.com/jhlywa/chess.js"
  },
  "engines": {
    "node": ">=20.0.0"
  },
  "devDependencies": {
    "@microsoft/api-extractor": "^7.52.8",
    "@eslint/eslintrc": "^3.3.1",
    "@eslint/js": "^9.29.0",
    "@rollup/plugin-commonjs": "^28.0.3",
    "@rollup/plugin-typescript": "^12.1.2",
    "@types/node": "^20.0.0",
    "@typescript-eslint/eslint-plugin": "^8.35.0",
    "@typescript-eslint/parser": "^8.35.0",
    "@vitest/coverage-v8": "^3.2.2",
    "eslint": "^9.29.0",
    "peggy": "^4.2.0",
    "prettier": "^3.1.0",
    "rollup": "^4.41.1",
    "rollup-plugin-dts": "^6.2.1",
    "tinybench": "^4.0.1",
    "tslib": "^2.8.1",
    "tsx": "^4.19.4",
    "typescript": "^5.8.3",
    "vitest": "^3.2.2"
  }
}
