total 269586
drwxrwxrwx 1 somebody somegroup   4096 Aug 20 18:24 .
drwxrwxrwx 1 somebody somegroup   8192 Aug 20 18:24 ..
-rwxrwxrwx 1 somebody somegroup    160 Aug 20 18:24 .editorconfig
-rwxrwxrwx 1 somebody somegroup    779 Aug 20 18:24 .eslintrc.cjs
-rwxrwxrwx 1 somebody somegroup     65 Aug 20 18:24 .git
-rwxrwxrwx 1 somebody somegroup    537 Aug 20 18:24 .gitattributes
drwxrwxrwx 1 somebody somegroup      0 Aug 20 18:24 .github
-rwxrwxrwx 1 somebody somegroup   2157 Aug 20 18:24 .gitignore
-rwxrwxrwx 1 somebody somegroup     19 Aug 20 18:24 .npmrc
-rwxrwxrwx 1 somebody somegroup   1082 Aug 20 18:24 LICENSE.txt
-rwxrwxrwx 1 somebody somegroup   6994 Aug 20 18:24 README.md
-rwxrwxrwx 1 somebody somegroup    499 Aug 20 18:24 build-workflow.yml
drwxrwxrwx 1 somebody somegroup      0 Aug 20 18:24 config
drwxrwxrwx 1 somebody somegroup      0 Aug 20 18:24 cypress
-rwxrwxrwx 1 somebody somegroup    231 Aug 20 18:24 cypress.config.ts
-rwxrwxrwx 1 somebody somegroup   1578 Aug 20 18:24 eslint.config.js
drwxrwxrwx 1 somebody somegroup      0 Aug 20 18:24 node_modules
-rwxrwxrwx 1 somebody somegroup 239556 Aug 20 18:24 package-lock.json
-rwxrwxrwx 1 somebody somegroup   2150 Aug 20 18:24 package.json
drwxrwxrwx 1 somebody somegroup      0 Aug 20 18:24 papers
-rwxrwxrwx 1 somebody somegroup   1170 Aug 20 18:24 register.js
drwxrwxrwx 1 somebody somegroup      0 Aug 20 18:24 scripts
drwxrwxrwx 1 somebody somegroup      0 Aug 20 18:24 src
drwxrwxrwx 1 somebody somegroup      0 Aug 20 18:24 test
-rwxrwxrwx 1 somebody somegroup    321 Aug 20 18:24 tsconfig.json
