diff --git a/src/chessground.ts b/src/chessground.ts
index bece308..1632e32 100644
--- a/src/chessground.ts
+++ b/src/chessground.ts
@@ -44,7 +44,7 @@ export function Chessground(element: HTMLElement, config?: Config): Api {
     state.drawable.prevSvgHash = '';
     updateBounds(state);
     redrawNow(false);
-    events.bindBoard(state, onResize);
+    events.bindBoard(state);
     if (!prevUnbind) state.dom.unbind = events.bindDocument(state, onResize);
     state.events.insert?.(elements);
     return state;
diff --git a/src/events.ts b/src/events.ts
index 756dd50..b632e47 100644
--- a/src/events.ts
+++ b/src/events.ts
@@ -8,11 +8,12 @@ import { isRightButton } from './util.js';
 type MouchBind = (e: cg.MouchEvent) => void;
 type StateMouchBind = (d: State, e: cg.MouchEvent) => void;
 
-export function bindBoard(s: State, onResize: () => void): void {
+// binds events to managed nodes,
+// i.e. nodes that can be created and deleted by chessground.
+// Unbinding these is not necessary, as they will be garbage collected with the nodes.
+export function bindBoard(s: State): void {
   const boardEl = s.dom.elements.board;
 
-  if ('ResizeObserver' in window) new ResizeObserver(onResize).observe(s.dom.elements.wrap);
-
   if (s.disableContextMenu || s.drawable.enabled) {
     boardEl.addEventListener('contextmenu', e => e.preventDefault());
   }
@@ -34,9 +35,14 @@ export function bindBoard(s: State, onResize: () => void): void {
 export function bindDocument(s: State, onResize: () => void): cg.Unbind {
   const unbinds: cg.Unbind[] = [];
 
+  if ('ResizeObserver' in window) {
+    const ro = new ResizeObserver(onResize);
+    ro.observe(s.dom.elements.wrap);
+    unbinds.push(() => ro.disconnect());
+  }
   // Old versions of Edge and Safari do not support ResizeObserver. Send
   // chessground.resize if a user action has changed the bounds of the board.
-  if (!('ResizeObserver' in window)) unbinds.push(unbindable(document.body, 'chessground.resize', onResize));
+  else unbinds.push(unbindable(document.body, 'chessground.resize', onResize));
 
   if (!s.viewOnly) {
     const onmove = dragOrDraw(s, drag.move, draw.move);
=== new file ===
?? tests/resizeObserver.test.ts
