total 194327
drwxrwxrwx 1 somebody somegroup   4096 Aug 20 18:40 .
drwxrwxrwx 1 somebody somegroup   8192 Aug 20 18:40 ..
-rwxrwxrwx 1 somebody somegroup    838 Aug 20 18:40 .eslintrc.cjs
-rwxrwxrwx 1 somebody somegroup     63 Aug 20 18:40 .git
drwxrwxrwx 1 somebody somegroup      0 Aug 20 18:40 .github
-rwxrwxrwx 1 somebody somegroup     61 Aug 20 18:40 .gitignore
-rwxrwxrwx 1 somebody somegroup     60 Aug 20 18:40 .npmignore
-rwxrwxrwx 1 somebody somegroup    110 Aug 20 18:40 .prettierignore
-rwxrwxrwx 1 somebody somegroup    332 Aug 20 18:40 .prettierrc
-rwxrwxrwx 1 somebody somegroup   2406 Aug 20 18:40 CONTRIBUTING.md
-rwxrwxrwx 1 somebody somegroup   1315 Aug 20 18:40 LICENSE
-rwxrwxrwx 1 somebody somegroup   1460 Aug 20 18:40 README.md
drwxrwxrwx 1 somebody somegroup      0 Aug 20 18:40 __tests__
-rwxrwxrwx 1 somebody somegroup    972 Aug 20 18:40 api-extractor.json
drwxrwxrwx 1 somebody somegroup      0 Aug 20 18:40 benchmarks
-rwxrwxrwx 1 somebody somegroup   3015 Aug 20 18:40 chessjslogo.svg
-rwxrwxrwx 1 somebody somegroup     50 Aug 20 18:40 debug.sh
drwxrwxrwx 1 somebody somegroup      0 Aug 20 18:40 dist
-rwxrwxrwx 1 somebody somegroup   1440 Aug 20 18:40 eslint.config.cjs
drwxrwxrwx 1 somebody somegroup      0 Aug 20 18:40 etc
drwxrwxrwx 1 somebody somegroup      0 Aug 20 18:40 node_modules
-rwxrwxrwx 1 somebody somegroup 164303 Aug 20 18:40 package-lock.json
-rwxrwxrwx 1 somebody somegroup   1962 Aug 20 18:40 package.json
-rwxrwxrwx 1 somebody somegroup    244 Aug 20 18:40 peggy.config.mjs
-rwxrwxrwx 1 somebody somegroup    828 Aug 20 18:40 rollup.config.mjs
drwxrwxrwx 1 somebody somegroup      0 Aug 20 18:40 src
-rwxrwxrwx 1 somebody somegroup     66 Aug 20 18:40 tsconfig.api.json
-rwxrwxrwx 1 somebody somegroup    114 Aug 20 18:40 tsconfig.cjs.json
-rwxrwxrwx 1 somebody somegroup    114 Aug 20 18:40 tsconfig.esm.json
-rwxrwxrwx 1 somebody somegroup    214 Aug 20 18:40 tsconfig.json
-rwxrwxrwx 1 somebody somegroup    150 Aug 20 18:40 tsconfig.types.json
-rwxrwxrwx 1 somebody somegroup   1715 Aug 20 18:40 update-version.ts
-rwxrwxrwx 1 somebody somegroup    207 Aug 20 18:40 vite.config.mts
drwxrwxrwx 1 somebody somegroup      0 Aug 20 18:40 website
