
 RUN  v3.2.4 D:/dev/ab-tasks/chessjs-dsv4-r2

 ❯ __tests__/regression.test.ts (20 tests | 1 failed) 46ms
   ✓ Regression Tests > Github Issue #30 - move generateion - single square bug 2ms
   ✓ Regression Tests > Github Issue #32 - castling flag reappearing 3ms
   ✓ Regression Tests > Github Issue #58 - placing more than one king 1ms
   ✓ Regression Tests > Github Issue #85 (white) - SetUp and FEN should be accepted in loadPgn 3ms
   ✓ Regression Tests > Github Issue #85 (black) - SetUp and FEN should be accepted in loadPgn 1ms
   ✓ Regression Tests > Github Issue #98 (white) - Wrong movement number after setting a position via FEN 1ms
   ✓ Regression Tests > Github Issue #98 (black) - Wrong movement number after setting a position via FEN 2ms
   ✓ Regression Tests > Github Issue #129 loadPgn() should not clear headers if PGN contains SetUp and FEN tags 1ms
   ✓ Regression Tests > Github Issue #129 clear() should clear the board and delete all non-mandatory headers 1ms
   ✓ Regression Tests > Github Issue #191 - whitespace before closing bracket 5ms
   ✓ Regression Tests > Github Issue #284 - permissive settings allows illegal moves 1ms
   ✓ Regression Tests > Github Issue #282 - playing a move on an empty board throws an error 0ms
   ✓ Regression Tests > Github Issue #279 - loadPgn duplicates last move if it has a comment 13ms
   ✓ Regression Tests > Github Issue #286 - pgn should not generate sloppy moves 1ms
   ✓ Regression Tests > Github Issue #321 - strict parser should always run before permissive 1ms
   ✓ Regression Tests > Github Issue #326a - ignore whitespace after header tag (loadPgn) 0ms
   ✓ Regression Tests > Github Issue #326b - ignore whitespace in line after header (loadPgn) 0ms
   ✓ Regression Tests > Github Issue #113 - cannot parse pgn not starting with move number 1 1ms
   ✓ Regression Tests > Github Issue #552 - ignore invalid castling rights 1ms
   × Regression Tests > pawn on an edge rank does not generate off-board moves 5ms
     → expected [] to be [] // Object.is equality

If it should pass with deep equality, replace "toBe" with "toStrictEqual"

Expected: []
Received: serializes to the same string


⎯⎯⎯⎯⎯⎯⎯ Failed Tests 1 ⎯⎯⎯⎯⎯⎯⎯

 FAIL  __tests__/regression.test.ts > Regression Tests > pawn on an edge rank does not generate off-board moves
AssertionError: expected [] to be [] // Object.is equality

If it should pass with deep equality, replace "toBe" with "toStrictEqual"

Expected: []
Received: serializes to the same string


Compared values have no visual difference.

 ❯ __tests__/regression.test.ts:326:27
    324|     chess.put({ type: 'p', color: 'b' }, 'h1')
    325|     expect(chess.moves({ square: 'h1', verbose: true })).toEqual([])
    326|     expect(chess.moves()).toBe([])
       |                           ^
    327|   })
    328| })

⎯⎯⎯⎯⎯⎯⎯⎯⎯⎯⎯⎯⎯⎯⎯⎯⎯⎯⎯⎯⎯⎯⎯⎯[1/1]⎯


 Test Files  1 failed (1)
      Tests  1 failed | 19 passed (20)
   Start at  18:45:48
   Duration  933ms (transform 408ms, setup 0ms, collect 511ms, tests 46ms, environment 0ms, prepare 126ms)

