diff --git a/src/anyio/_backends/_asyncio.py b/src/anyio/_backends/_asyncio.py
index bc7e6ab..ffd8c14 100644
--- a/src/anyio/_backends/_asyncio.py
+++ b/src/anyio/_backends/_asyncio.py
@@ -2092,7 +2092,12 @@ class CapacityLimiter(BaseCapacityLimiter):
     def _notify_next_waiter(self) -> None:
         """Notify the next task in line if this limiter has free capacity now."""
         if self._wait_queue and len(self._borrowers) < self._total_tokens:
-            event = self._wait_queue.popitem(last=False)[1]
+            borrower, event = self._wait_queue.popitem(last=False)
+            # Reserve the token for this waiter immediately, so that a synchronous
+            # acquire issued between now and when the waiter resumes cannot steal it.
+            # This mirrors the Semaphore, which hands the freed slot directly to the
+            # next waiter instead of leaving it generally available.
+            self._borrowers.add(borrower)
             event.set()
 
     def acquire_nowait(self) -> None:
@@ -2124,6 +2129,9 @@ class CapacityLimiter(BaseCapacityLimiter):
             except BaseException:
                 self._wait_queue.pop(borrower, None)
                 if event.is_set():
+                    # The token was already reserved for this waiter; give it to the
+                    # next task in line instead.
+                    self._borrowers.discard(borrower)
                     self._notify_next_waiter()
 
                 raise
