diff --git a/src/anyio/_backends/_asyncio.py b/src/anyio/_backends/_asyncio.py
index bc7e6ab..ffd8c14 100644
--- a/src/anyio/_backends/_asyncio.py
+++ b/src/anyio/_backends/_asyncio.py
@@ -2092,7 +2092,12 @@ class CapacityLimiter(BaseCapacityLimiter):
     def _notify_next_waiter(self) -> None:
         """Notify the next task in line if this limiter has free capacity now."""
         if self._wait_queue and len(self._borrowers) < self._total_tokens:
-            event = self._wait_queue.popitem(last=False)[1]
+            borrower, event = self._wait_queue.popitem(last=False)
+            # Reserve the token for this waiter immediately, so that a synchronous
+            # acquire issued between now and when the waiter resumes cannot steal it.
+            # This mirrors the Semaphore, which hands the freed slot directly to the
+            # next waiter instead of leaving it generally available.
+            self._borrowers.add(borrower)
             event.set()
 
     def acquire_nowait(self) -> None:
@@ -2124,6 +2129,9 @@ class CapacityLimiter(BaseCapacityLimiter):
             except BaseException:
                 self._wait_queue.pop(borrower, None)
                 if event.is_set():
+                    # The token was already reserved for this waiter; give it to the
+                    # next task in line instead.
+                    self._borrowers.discard(borrower)
                     self._notify_next_waiter()
 
                 raise
diff --git a/tests/test_synchronization.py b/tests/test_synchronization.py
index 3ead3c2..e5b072e 100644
--- a/tests/test_synchronization.py
+++ b/tests/test_synchronization.py
@@ -993,3 +993,26 @@ class TestCapacityLimiter:
         limiter.acquire_on_behalf_of_nowait(borrower1)
         with pytest.raises(WouldBlock):
             limiter.acquire_on_behalf_of_nowait(borrower2)
+
+    async def test_nowait_does_not_steal_reserved_token(self) -> None:
+        """A nowait acquire must not steal a token already handed to a woken waiter."""
+        limiter = CapacityLimiter(1)
+        limiter.acquire_on_behalf_of_nowait("A")
+
+        async def waiter() -> None:
+            await limiter.acquire_on_behalf_of("B")
+
+        async with create_task_group() as tg:
+            tg.start_soon(waiter)
+            while limiter.statistics().tasks_waiting != 1:
+                await checkpoint()
+
+            # Free the only token; this hands it to the woken waiter, which has not
+            # resumed yet, so it must not be visible as available to a nowait acquire.
+            limiter.release_on_behalf_of("A")
+            with pytest.raises(WouldBlock):
+                limiter.acquire_on_behalf_of_nowait("X")
+
+        assert limiter.borrowed_tokens == 1
+        assert limiter.borrowed_tokens <= limiter.total_tokens
+        assert limiter.available_tokens == 0
