diff --git a/src/anyio/_backends/_asyncio.py b/src/anyio/_backends/_asyncio.py
index bc7e6ab..ffd8c14 100644
--- a/src/anyio/_backends/_asyncio.py
+++ b/src/anyio/_backends/_asyncio.py
@@ -2065,92 +2065,100 @@ class CapacityLimiter(BaseCapacityLimiter):
         return self._total_tokens
 
     @total_tokens.setter
     def total_tokens(self, value: float) -> None:
         if not isinstance(value, int) and not math.isinf(value):
             raise TypeError("total_tokens must be an int or math.inf")
 
         if value < 0:
             raise ValueError("total_tokens must be >= 0")
 
         waiters_to_notify = max(value - self._total_tokens, 0)
         self._total_tokens = value
 
         # Notify waiting tasks that they have acquired the limiter
         while self._wait_queue and waiters_to_notify:
             event = self._wait_queue.popitem(last=False)[1]
             event.set()
             waiters_to_notify -= 1
 
     @property
     def borrowed_tokens(self) -> int:
         return len(self._borrowers)
 
     @property
     def available_tokens(self) -> float:
         return self._total_tokens - len(self._borrowers)
 
     def _notify_next_waiter(self) -> None:
         """Notify the next task in line if this limiter has free capacity now."""
         if self._wait_queue and len(self._borrowers) < self._total_tokens:
-            event = self._wait_queue.popitem(last=False)[1]
+            borrower, event = self._wait_queue.popitem(last=False)
+            # Reserve the token for this waiter immediately, so that a synchronous
+            # acquire issued between now and when the waiter resumes cannot steal it.
+            # This mirrors the Semaphore, which hands the freed slot directly to the
+            # next waiter instead of leaving it generally available.
+            self._borrowers.add(borrower)
             event.set()
 
     def acquire_nowait(self) -> None:
         self.acquire_on_behalf_of_nowait(current_task())
 
     def acquire_on_behalf_of_nowait(self, borrower: object) -> None:
         if borrower in self._borrowers:
             raise RuntimeError(
                 "this borrower is already holding one of this CapacityLimiter's tokens"
             )
 
         if self._wait_queue or len(self._borrowers) >= self._total_tokens:
             raise WouldBlock
 
         self._borrowers.add(borrower)
 
     async def acquire(self) -> None:
         return await self.acquire_on_behalf_of(current_task())
 
     async def acquire_on_behalf_of(self, borrower: object) -> None:
         await AsyncIOBackend.checkpoint_if_cancelled()
         try:
             self.acquire_on_behalf_of_nowait(borrower)
         except WouldBlock:
             event = asyncio.Event()
             self._wait_queue[borrower] = event
             try:
                 await event.wait()
             except BaseException:
                 self._wait_queue.pop(borrower, None)
                 if event.is_set():
+                    # The token was already reserved for this waiter; give it to the
+                    # next task in line instead.
+                    self._borrowers.discard(borrower)
                     self._notify_next_waiter()
 
                 raise
 
             self._borrowers.add(borrower)
         else:
             try:
                 await AsyncIOBackend.cancel_shielded_checkpoint()
             except BaseException:
                 self.release()
                 raise
 
     def release(self) -> None:
         self.release_on_behalf_of(current_task())
 
     def release_on_behalf_of(self, borrower: object) -> None:
         try:
             self._borrowers.remove(borrower)
         except KeyError:
             raise RuntimeError(
                 "this borrower isn't holding any of this CapacityLimiter's tokens"
             ) from None
 
         self._notify_next_waiter()
 
     def statistics(self) -> CapacityLimiterStatistics:
         return CapacityLimiterStatistics(
             self.borrowed_tokens,
             self.total_tokens,
             tuple(self._borrowers),
diff --git a/tests/test_synchronization.py b/tests/test_synchronization.py
index 3ead3c2..e5b072e 100644
--- a/tests/test_synchronization.py
+++ b/tests/test_synchronization.py
@@ -966,30 +966,53 @@ class TestCapacityLimiter:
                 event1 = Event()
                 scope1 = await tg.start(borrower, event1)
                 event2 = Event()
                 await tg.start(borrower, event2)
                 scope1.cancel()
 
             with move_on_after(0.1):
                 await event2.wait()
                 return
 
             tg.cancel_scope.cancel()
 
         pytest.fail("The second borrower failed to acquire the limiter")
 
     async def test_acquire_nowait(self) -> None:
         async def borrower() -> None:
             limiter.acquire_nowait()
 
         limiter = CapacityLimiter(1)
         limiter.acquire_nowait()
         with pytest.RaisesGroup(pytest.RaisesExc(WouldBlock)):
             async with create_task_group() as tg:
                 tg.start_soon(borrower)
 
     async def test_acquire_on_behalf_of_nowait(self) -> None:
         borrower1, borrower2 = object(), object()
         limiter = CapacityLimiter(1)
         limiter.acquire_on_behalf_of_nowait(borrower1)
         with pytest.raises(WouldBlock):
             limiter.acquire_on_behalf_of_nowait(borrower2)
+
+    async def test_nowait_does_not_steal_reserved_token(self) -> None:
+        """A nowait acquire must not steal a token already handed to a woken waiter."""
+        limiter = CapacityLimiter(1)
+        limiter.acquire_on_behalf_of_nowait("A")
+
+        async def waiter() -> None:
+            await limiter.acquire_on_behalf_of("B")
+
+        async with create_task_group() as tg:
+            tg.start_soon(waiter)
+            while limiter.statistics().tasks_waiting != 1:
+                await checkpoint()
+
+            # Free the only token; this hands it to the woken waiter, which has not
+            # resumed yet, so it must not be visible as available to a nowait acquire.
+            limiter.release_on_behalf_of("A")
+            with pytest.raises(WouldBlock):
+                limiter.acquire_on_behalf_of_nowait("X")
+
+        assert limiter.borrowed_tokens == 1
+        assert limiter.borrowed_tokens <= limiter.total_tokens
+        assert limiter.available_tokens == 0
