Scope: all 68 workspace projects
Lockfile is up to date, resolution step is skipped
Progress: resolved 1, reused 0, downloaded 0, added 0
Packages: +799
++++++++++++++++++++++++++++++++++++++++++++++++++++++++++++++++++++++++++++++++
Progress: resolved 799, reused 560, downloaded 0, added 0
Progress: resolved 799, reused 799, downloaded 0, added 54
Progress: resolved 799, reused 799, downloaded 0, added 126
Progress: resolved 799, reused 799, downloaded 0, added 247
Progress: resolved 799, reused 799, downloaded 0, added 304
Progress: resolved 799, reused 799, downloaded 0, added 356
Progress: resolved 799, reused 799, downloaded 0, added 422
Progress: resolved 799, reused 799, downloaded 0, added 474
Progress: resolved 799, reused 799, downloaded 0, added 499
Progress: resolved 799, reused 799, downloaded 0, added 571
Progress: resolved 799, reused 799, downloaded 0, added 605
Progress: resolved 799, reused 799, downloaded 0, added 685
Progress: resolved 799, reused 799, downloaded 0, added 766
Progress: resolved 799, reused 799, downloaded 0, added 798
Progress: resolved 799, reused 799, downloaded 0, added 799
Progress: resolved 799, reused 799, downloaded 0, added 799, done

devDependencies:
+ @changesets/cli 2.31.0
+ @radix-ui/colors 3.0.0
+ @testing-library/cypress 10.1.3
+ @testing-library/dom 10.4.1
+ @testing-library/jest-dom 6.9.1
+ @testing-library/react 16.3.2
+ @testing-library/user-event 14.6.1
+ @types/fs-extra 11.0.4
+ @types/node 24.12.4
+ @types/react 19.2.15
+ @types/react-dom 19.2.3
+ @types/react-test-renderer 19.1.0
+ axe-core 4.11.4
+ cypress 15.16.0
+ cypress-axe 1.7.0
+ cypress-real-events 1.15.0
+ execa 9.6.1
+ fs-extra 11.3.5
+ glob 10.5.0
+ jsdom 29.1.1
+ oxfmt 0.52.0
+ oxlint 1.67.0
+ react 19.2.6
+ react-dom 19.2.6
+ react-is 19.2.6
+ react-remove-scroll 2.7.2
+ react-test-renderer 19.2.6
+ replace-in-files 3.0.0
+ start-server-and-test 2.1.5
+ typescript 5.9.3
+ vite 7.3.3
+ vitest 4.1.7
+ vitest-axe 1.0.0-pre.5

Done in 23.1s using pnpm v11.5.0
