diff --git a/__tests__/moves.test.ts b/__tests__/moves.test.ts
index e96a2da..d8ec8cd 100644
--- a/__tests__/moves.test.ts
+++ b/__tests__/moves.test.ts
@@ -311,3 +311,15 @@ test('isStalemate - no kings (starting position minus kings)', () => {
 
   expect(noKings.isStalemate()).toEqual(false)
 })
+
+test('moves - single square - pawn on last rank (no push off the board)', () => {
+  const chess = new Chess()
+  chess.put({ type: 'p', color: 'w' }, 'h8')
+  expect(chess.moves({ square: 'h8' })).toEqual([])
+  expect(chess.moves({ square: 'h8', verbose: true })).toEqual([])
+
+  const chess2 = new Chess()
+  chess2.put({ type: 'p', color: 'b' }, 'a1')
+  expect(chess2.moves({ square: 'a1' })).toEqual([])
+  expect(chess2.moves({ square: 'a1', verbose: true })).toEqual([])
+})
diff --git a/src/chess.ts b/src/chess.ts
index 5efdb74..2ab4a11 100644
--- a/src/chess.ts
+++ b/src/chess.ts
@@ -1575,7 +1575,7 @@ export class Chess {
 
         // single square, non-capturing
         to = from + PAWN_OFFSETS[us][0]
-        if (!this._board[to]) {
+        if (!(to & 0x88) && !this._board[to]) {
           addMove(moves, us, from, to, PAWN)
 
           // double square
