diff --git a/src/anyio/_backends/_asyncio.py b/src/anyio/_backends/_asyncio.py
index bc7e6ab..214bf39 100644
--- a/src/anyio/_backends/_asyncio.py
+++ b/src/anyio/_backends/_asyncio.py
@@ -2077,7 +2077,10 @@ class CapacityLimiter(BaseCapacityLimiter):
 
         # Notify waiting tasks that they have acquired the limiter
         while self._wait_queue and waiters_to_notify:
-            event = self._wait_queue.popitem(last=False)[1]
+            borrower, event = self._wait_queue.popitem(last=False)
+            # Reserve the token for the woken waiter before waking it, so that a
+            # non-blocking acquire cannot steal it before the waiter resumes
+            self._borrowers.add(borrower)
             event.set()
             waiters_to_notify -= 1
 
@@ -2092,7 +2095,10 @@ class CapacityLimiter(BaseCapacityLimiter):
     def _notify_next_waiter(self) -> None:
         """Notify the next task in line if this limiter has free capacity now."""
         if self._wait_queue and len(self._borrowers) < self._total_tokens:
-            event = self._wait_queue.popitem(last=False)[1]
+            borrower, event = self._wait_queue.popitem(last=False)
+            # Reserve the freed token for the woken waiter before waking it, so that
+            # a non-blocking acquire cannot steal it before the waiter resumes
+            self._borrowers.add(borrower)
             event.set()
 
     def acquire_nowait(self) -> None:
@@ -2124,11 +2130,13 @@ class CapacityLimiter(BaseCapacityLimiter):
             except BaseException:
                 self._wait_queue.pop(borrower, None)
                 if event.is_set():
+                    # We were woken up with a reserved token, but were cancelled
+                    # before resuming; hand the token on to the next waiter
+                    self._borrowers.discard(borrower)
                     self._notify_next_waiter()
 
                 raise
 
-            self._borrowers.add(borrower)
         else:
             try:
                 await AsyncIOBackend.cancel_shielded_checkpoint()
