diff --git a/src/anyio/_backends/_asyncio.py b/src/anyio/_backends/_asyncio.py
index bc7e6ab..2bf1345 100644
--- a/src/anyio/_backends/_asyncio.py
+++ b/src/anyio/_backends/_asyncio.py
@@ -2077,7 +2077,9 @@ class CapacityLimiter(BaseCapacityLimiter):
 
         # Notify waiting tasks that they have acquired the limiter
         while self._wait_queue and waiters_to_notify:
-            event = self._wait_queue.popitem(last=False)[1]
+            borrower, event = self._wait_queue.popitem(last=False)
+            # Hand the token to the waiter immediately (see _notify_next_waiter)
+            self._borrowers.add(borrower)
             event.set()
             waiters_to_notify -= 1
 
@@ -2092,7 +2094,11 @@ class CapacityLimiter(BaseCapacityLimiter):
     def _notify_next_waiter(self) -> None:
         """Notify the next task in line if this limiter has free capacity now."""
         if self._wait_queue and len(self._borrowers) < self._total_tokens:
-            event = self._wait_queue.popitem(last=False)[1]
+            borrower, event = self._wait_queue.popitem(last=False)
+            # Hand the token to the waiter now, so that a non-blocking
+            # acquire() issued while the waiter is still suspended sees no
+            # free token and raises WouldBlock instead of over-granting one.
+            self._borrowers.add(borrower)
             event.set()
 
     def acquire_nowait(self) -> None:
@@ -2122,9 +2128,15 @@ class CapacityLimiter(BaseCapacityLimiter):
             try:
                 await event.wait()
             except BaseException:
-                self._wait_queue.pop(borrower, None)
                 if event.is_set():
+                    # This borrower was already handed a token when its event
+                    # was set (it is in _borrowers); release it and pass the
+                    # token on to the next waiter in line.
+                    self._borrowers.remove(borrower)
                     self._notify_next_waiter()
+                else:
+                    # Still waiting in line with no token held; drop ourselves.
+                    self._wait_queue.pop(borrower, None)
 
                 raise
 
