diff --git a/__tests__/moves.test.ts b/__tests__/moves.test.ts
index e96a2da..2f92265 100644
--- a/__tests__/moves.test.ts
+++ b/__tests__/moves.test.ts
@@ -1,4 +1,4 @@
-import { Chess, Square, Move } from '../src/chess'
+import { Chess, Square, Move, PAWN, WHITE, BLACK } from '../src/chess'
 import { split } from './utils'
 import { expect, test } from 'vitest'
 
@@ -15,6 +15,24 @@ test('moves - single square', () => {
   expect(chess.moves({ square: 'e2' })).to.have.members(split(moves))
 })
 
+test('moves - single square - pawn on last rank', () => {
+  const chess = new Chess()
+  chess.clear()
+  chess.put({ type: PAWN, color: WHITE }, 'h8')
+
+  expect(chess.moves({ square: 'h8' })).toEqual([])
+  expect(chess.moves({ square: 'h8', verbose: true })).toEqual([])
+})
+
+test('moves - single square - black pawn on first rank', () => {
+  const chess = new Chess()
+  chess.clear()
+  chess.put({ type: PAWN, color: BLACK }, 'a1')
+
+  expect(chess.moves({ square: 'a1' })).toEqual([])
+  expect(chess.moves({ square: 'a1', verbose: true })).toEqual([])
+})
+
 test('moves - single square - invalid square', () => {
   const chess = new Chess()
   const moves: string[] = []
diff --git a/src/chess.ts b/src/chess.ts
index 5efdb74..2ab4a11 100644
--- a/src/chess.ts
+++ b/src/chess.ts
@@ -1575,7 +1575,7 @@ export class Chess {
 
         // single square, non-capturing
         to = from + PAWN_OFFSETS[us][0]
-        if (!this._board[to]) {
+        if (!(to & 0x88) && !this._board[to]) {
           addMove(moves, us, from, to, PAWN)
 
           // double square
