[model] exchange 1: 553 tok in 4s, reasoning 1927 chars
[model] exchange 2: 300 tok in 2s, reasoning 765 chars
[model] exchange 3: 119 tok in 1s, reasoning 252 chars
[model] exchange 4: 3993 tok in 23s, reasoning 14285 chars
[model] exchange 5: 13857 tok in 61s, reasoning 46598 chars
[model] exchange 6: 201 tok in 1s, reasoning 506 chars
[model] exchange 7: 20923 tok in 76s, reasoning 70333 chars
[human] git apply -> rc=1 error: patch failed: src/chess.ts:1489
error: src/chess.ts: patch does not apply
[model] exchange 8: 7154 tok in 35s, reasoning 24086 chars
[model] exchange 9: 2092 tok in 9s, reasoning 5573 chars
[human] git apply -> rc=1 error: patch failed: src/chess.ts:1492
error: src/chess.ts: patch does not apply
[model] exchange 10: 1977 tok in 8s, reasoning 5626 chars
[human] git apply -> rc=1 error: patch failed: src/chess.ts:1492
error: src/chess.ts: patch does not apply
[model] exchange 11: 780 tok in 4s, reasoning 1144 chars
[model] exchange 12: 351 tok in 2s, reasoning 1033 chars
[model] exchange 13: 1703 tok in 8s, reasoning 4124 chars
[human] git apply -> rc=1 error: patch failed: src/chess.ts:1492
error: src/chess.ts: patch does not apply
[model] exchange 14: 1175 tok in 5s, reasoning 1928 chars
[human] git apply -> rc=1 error: patch failed: src/chess.ts:1492
error: src/chess.ts: patch does not apply
[model] exchange 15: 2888 tok in 14s, reasoning 8081 chars
[human] git apply -> rc=1 error: patch failed: src/chess.ts:1492
error: src/chess.ts: patch does not apply
[model] exchange 16: 1203 tok in 5s, reasoning 1548 chars
[human] git apply -> rc=1 error: patch failed: src/chess.ts:1492
error: src/chess.ts: patch does not apply
[model] exchange 17: 9885 tok in 48s, reasoning 33774 chars
[human] git apply -> rc=1 error: patch failed: src/chess.ts:1492
error: src/chess.ts: patch does not apply
[model] exchange 18: 1274 tok in 6s, reasoning 4970 chars
[model] exchange 19: 3600 tok in 14s, reasoning 11393 chars
[human] git apply -> rc=128 error: No valid patches in input (allow with "--allow-empty")
[model] exchange 20: 1774 tok in 7s, reasoning 4759 chars
[model] exchange 21: 2449 tok in 10s, reasoning 7341 chars
[model] exchange 22: 1188 tok in 4s, reasoning 2525 chars
[human] git apply -> rc=128 error: No valid patches in input (allow with "--allow-empty")
[model] exchange 23: 669 tok in 3s, reasoning 1229 chars
[model] exchange 24: 554 tok in 2s, reasoning 1931 chars
[model] exchange 25: 843 tok in 4s, reasoning 3134 chars
[model] exchange 26: 1569 tok in 6s, reasoning 4474 chars
[human] git apply -> rc=1 error: patch failed: src/chess.ts:1492
error: src/chess.ts: patch does not apply
[model] exchange 27: 286 tok in 2s, reasoning 858 chars
[model] exchange 28: 229 tok in 1s, reasoning 846 chars
[model] exchange 29: 1302 tok in 5s, reasoning 2888 chars
[human] git apply -> rc=128 error: No valid patches in input (allow with "--allow-empty")
[model] exchange 30: 4719 tok in 18s, reasoning 14777 chars
[human] finished after 30 exchanges; transcript at D:\dev\ab-tasks\_runs\_laneC\chessjs-577\dsv4\transcript.jsonl
