commit f64d78158a5502debfdc2005a6fa863a02c8c2f9
Author: Rafi Adnan <rafiadnan47@gmail.com>
Date:   Tue Apr 22 13:26:33 2025 -0400

    use stable composed refs in SlotClone (#3477)

 .changeset/famous-socks-deny.md       |  5 +++++
 packages/react/slot/src/slot.test.tsx | 54 +++++++++++++++++++++++++++++++++++++++++++++++++++++-
 packages/react/slot/src/slot.tsx      |  7 ++++---
 3 files changed, 62 insertions(+), 4 deletions(-)
=================
commit f64d78158a5502debfdc2005a6fa863a02c8c2f9
Author: Rafi Adnan <rafiadnan47@gmail.com>
Date:   Tue Apr 22 13:26:33 2025 -0400

    use stable composed refs in SlotClone (#3477)

diff --git a/packages/react/slot/src/slot.tsx b/packages/react/slot/src/slot.tsx
index 7e31d665..33fba7ba 100644
--- a/packages/react/slot/src/slot.tsx
+++ b/packages/react/slot/src/slot.tsx
@@ -1,5 +1,5 @@
 import * as React from 'react';
-import { composeRefs } from '@radix-ui/react-compose-refs';
+import { useComposedRefs } from '@radix-ui/react-compose-refs';
 
 /* -------------------------------------------------------------------------------------------------
  * Slot
@@ -66,13 +66,14 @@ interface SlotCloneProps {
 /* @__NO_SIDE_EFFECTS__ */ function createSlotClone(ownerName: string) {
   const SlotClone = React.forwardRef<any, SlotCloneProps>((props, forwardedRef) => {
     const { children, ...slotProps } = props;
+    const childrenRef = React.isValidElement(children) ? getElementRef(children) : undefined;
+    const ref = useComposedRefs(childrenRef, forwardedRef);
 
     if (React.isValidElement(children)) {
-      const childrenRef = getElementRef(children);
       const props = mergeProps(slotProps, children.props as AnyProps);
       // do not pass ref to React.Fragment for React 19 compatibility
       if (children.type !== React.Fragment) {
-        props.ref = forwardedRef ? composeRefs(forwardedRef, childrenRef) : childrenRef;
+        props.ref = ref;
       }
       return React.cloneElement(children, props);
     }
