/d/dev/ab-tasks/raptor-dsv4/SOURCE/RAP.C:63:PUBLIC DWORD         curship[16];
/d/dev/ab-tasks/raptor-dsv4/SOURCE/RAP.C:67:PUBLIC INT           o_engine [8]   = { 0, 1, 2, 3, 2, 1, 0 };
/d/dev/ab-tasks/raptor-dsv4/SOURCE/RAP.C:80:PUBLIC INT           playerbasepic  = 3;
/d/dev/ab-tasks/raptor-dsv4/SOURCE/RAP.C:371:         curship [ loop ]     = lship [ loop ];
/d/dev/ab-tasks/raptor-dsv4/SOURCE/RAP.C:372:         curship [ loop + 7 ] = lship [ loop ];
/d/dev/ab-tasks/raptor-dsv4/SOURCE/RAP.C:376:         curship [ loop ]     = dship [ loop ];
/d/dev/ab-tasks/raptor-dsv4/SOURCE/RAP.C:377:         curship [ loop + 7 ] = fship [ loop ];
/d/dev/ab-tasks/raptor-dsv4/SOURCE/RAP.C:382:      GLB_CacheItem ( curship [ loop ] );
/d/dev/ab-tasks/raptor-dsv4/SOURCE/RAP.C:655:         for ( loop = 0; loop < ( PLAYERWIDTH * PLAYERHEIGHT ) / 2; loop++ )
/d/dev/ab-tasks/raptor-dsv4/SOURCE/RAP.C:657:            x = playerx - (PLAYERWIDTH/2)  + random ( PLAYERWIDTH*2 );
/d/dev/ab-tasks/raptor-dsv4/SOURCE/RAP.C:658:            y = playery - (PLAYERHEIGHT/2) + random ( PLAYERHEIGHT*2 );
/d/dev/ab-tasks/raptor-dsv4/SOURCE/RAP.C:1125:         SHADOW_Add ( curship [ playerpic + g_flash ], playerx , playery );
/d/dev/ab-tasks/raptor-dsv4/SOURCE/RAP.C:1140:         FLAME_Down ( player_cx + -o_engine[ playerpic ] - 3, player_cy + 15, 4, gl_cnt % 2 ); 
/d/dev/ab-tasks/raptor-dsv4/SOURCE/RAP.C:1141:         FLAME_Down ( player_cx + o_engine[ playerpic ] - 2, player_cy + 15, 4, gl_cnt % 2 ); 
/d/dev/ab-tasks/raptor-dsv4/SOURCE/RAP.C:1142:         GFX_PutSprite ( GLB_GetItem ( curship [ playerpic + g_flash ] ), playerx , playery );
D:/dev/ab-tasks/raptor-dsv4/SOURCE/../SOURCE/BONUS.C:174:   INT         x2    = playerx + PLAYERWIDTH;
D:/dev/ab-tasks/raptor-dsv4/SOURCE/../SOURCE/BONUS.C:175:   INT         y2    = playery + PLAYERHEIGHT;
D:/dev/ab-tasks/raptor-dsv4/SOURCE/../SOURCE/ENEMY.C:1045:               sprite->hits -= ( PLAYERWIDTH/2 );
D:/dev/ab-tasks/raptor-dsv4/SOURCE/../SOURCE/ESHOT.C:462:               if ( dx < ( PLAYERWIDTH/2 ) && shot->y < player_cy )
D:/dev/ab-tasks/raptor-dsv4/SOURCE/../SOURCE/ESHOT.C:519:            if ( dx < ( PLAYERWIDTH/2 ) && dy < ( PLAYERHEIGHT/2 ) )
D:/dev/ab-tasks/raptor-dsv4/SOURCE/../SOURCE/INPUT.C:320:         player_cx = playerx + ( PLAYERWIDTH/2 );
D:/dev/ab-tasks/raptor-dsv4/SOURCE/../SOURCE/INPUT.C:321:         player_cy = playery + ( PLAYERHEIGHT/2 );
D:/dev/ab-tasks/raptor-dsv4/SOURCE/../SOURCE/INPUT.C:536:   plx = playerx + ( PLAYERWIDTH/2 );
D:/dev/ab-tasks/raptor-dsv4/SOURCE/../SOURCE/INPUT.C:537:   ply = playery + ( PLAYERHEIGHT/2 );
D:/dev/ab-tasks/raptor-dsv4/SOURCE/../SOURCE/INPUT.C:799:      else if ( playerx + PLAYERWIDTH > PLAYERMAXX )
D:/dev/ab-tasks/raptor-dsv4/SOURCE/../SOURCE/INPUT.C:801:         playerx = PLAYERMAXX-PLAYERWIDTH;
D:/dev/ab-tasks/raptor-dsv4/SOURCE/../SOURCE/INPUT.C:814:      if ( playerpic < playerbasepic + delta )
D:/dev/ab-tasks/raptor-dsv4/SOURCE/../SOURCE/INPUT.C:819:      if ( playerpic > playerbasepic - delta )
D:/dev/ab-tasks/raptor-dsv4/SOURCE/../SOURCE/INPUT.C:824:      if ( playerpic > playerbasepic )
D:/dev/ab-tasks/raptor-dsv4/SOURCE/../SOURCE/INPUT.C:826:      else if ( playerpic < playerbasepic )
D:/dev/ab-tasks/raptor-dsv4/SOURCE/../SOURCE/INPUT.C:832:   player_cx = playerx + ( PLAYERWIDTH/2 );
D:/dev/ab-tasks/raptor-dsv4/SOURCE/../SOURCE/INPUT.C:833:   player_cy = playery + ( PLAYERHEIGHT/2 );
D:/dev/ab-tasks/raptor-dsv4/SOURCE/../SOURCE/RAP.C:63:PUBLIC DWORD         curship[16];
D:/dev/ab-tasks/raptor-dsv4/SOURCE/../SOURCE/RAP.C:67:PUBLIC INT           o_engine [8]   = { 0, 1, 2, 3, 2, 1, 0 };
D:/dev/ab-tasks/raptor-dsv4/SOURCE/../SOURCE/RAP.C:80:PUBLIC INT           playerbasepic  = 3;
D:/dev/ab-tasks/raptor-dsv4/SOURCE/../SOURCE/RAP.C:371:         curship [ loop ]     = lship [ loop ];
D:/dev/ab-tasks/raptor-dsv4/SOURCE/../SOURCE/RAP.C:372:         curship [ loop + 7 ] = lship [ loop ];
D:/dev/ab-tasks/raptor-dsv4/SOURCE/../SOURCE/RAP.C:376:         curship [ loop ]     = dship [ loop ];
D:/dev/ab-tasks/raptor-dsv4/SOURCE/../SOURCE/RAP.C:377:         curship [ loop + 7 ] = fship [ loop ];
D:/dev/ab-tasks/raptor-dsv4/SOURCE/../SOURCE/RAP.C:382:      GLB_CacheItem ( curship [ loop ] );
D:/dev/ab-tasks/raptor-dsv4/SOURCE/../SOURCE/RAP.C:655:         for ( loop = 0; loop < ( PLAYERWIDTH * PLAYERHEIGHT ) / 2; loop++ )
D:/dev/ab-tasks/raptor-dsv4/SOURCE/../SOURCE/RAP.C:657:            x = playerx - (PLAYERWIDTH/2)  + random ( PLAYERWIDTH*2 );
D:/dev/ab-tasks/raptor-dsv4/SOURCE/../SOURCE/RAP.C:658:            y = playery - (PLAYERHEIGHT/2) + random ( PLAYERHEIGHT*2 );
D:/dev/ab-tasks/raptor-dsv4/SOURCE/../SOURCE/RAP.C:1125:         SHADOW_Add ( curship [ playerpic + g_flash ], playerx , playery );
D:/dev/ab-tasks/raptor-dsv4/SOURCE/../SOURCE/RAP.C:1140:         FLAME_Down ( player_cx + -o_engine[ playerpic ] - 3, player_cy + 15, 4, gl_cnt % 2 ); 
D:/dev/ab-tasks/raptor-dsv4/SOURCE/../SOURCE/RAP.C:1141:         FLAME_Down ( player_cx + o_engine[ playerpic ] - 2, player_cy + 15, 4, gl_cnt % 2 ); 
D:/dev/ab-tasks/raptor-dsv4/SOURCE/../SOURCE/RAP.C:1142:         GFX_PutSprite ( GLB_GetItem ( curship [ playerpic + g_flash ] ), playerx , playery );
D:/dev/ab-tasks/raptor-dsv4/SOURCE/../SOURCE/PUBLIC.H:63:#define PLAYERWIDTH  32
D:/dev/ab-tasks/raptor-dsv4/SOURCE/../SOURCE/PUBLIC.H:64:#define PLAYERHEIGHT 32
D:/dev/ab-tasks/raptor-dsv4/SOURCE/../SOURCE/PUBLIC.H:66:#define PLAYERMAXX   314
D:/dev/ab-tasks/raptor-dsv4/SOURCE/../SOURCE/PUBLIC.H:67:#define PLAYERINITX  160-(PLAYERWIDTH/2)
D:/dev/ab-tasks/raptor-dsv4/SOURCE/../SOURCE/PUBLIC.H:131:extern INT           playerbasepic ;
D:/dev/ab-tasks/raptor-dsv4/SOURCE/../SOURCE/PUBLIC.H:139:extern INT    o_engine [];
