18:51:33 [model] exchange 1: 553 tok in 4s, reasoning 1927 chars
18:51:35 [model] exchange 2: 300 tok in 2s, reasoning 765 chars
18:51:36 [model] exchange 3: 119 tok in 1s, reasoning 252 chars
18:51:59 [model] exchange 4: 3993 tok in 23s, reasoning 14285 chars
18:52:59 [model] exchange 5: 13857 tok in 61s, reasoning 46598 chars
18:53:01 [model] exchange 6: 201 tok in 1s, reasoning 506 chars
18:54:16 [model] exchange 7: 20923 tok in 76s, reasoning 70333 chars
18:54:16 [human] git apply -> rc=1 error: patch failed: src/chess.ts:1489
error: src/chess.ts: patch does not apply
18:54:51 [model] exchange 8: 7154 tok in 35s, reasoning 24086 chars
18:55:01 [model] exchange 9: 2092 tok in 9s, reasoning 5573 chars
18:55:01 [human] git apply -> rc=1 error: patch failed: src/chess.ts:1492
error: src/chess.ts: patch does not apply
18:55:09 [model] exchange 10: 1977 tok in 8s, reasoning 5626 chars
18:55:09 [human] git apply -> rc=1 error: patch failed: src/chess.ts:1492
error: src/chess.ts: patch does not apply
18:55:13 [model] exchange 11: 780 tok in 4s, reasoning 1144 chars
18:55:15 [model] exchange 12: 351 tok in 2s, reasoning 1033 chars
18:55:24 [model] exchange 13: 1703 tok in 8s, reasoning 4124 chars
18:55:24 [human] git apply -> rc=1 error: patch failed: src/chess.ts:1492
error: src/chess.ts: patch does not apply
18:55:29 [model] exchange 14: 1175 tok in 5s, reasoning 1928 chars
18:55:29 [human] git apply -> rc=1 error: patch failed: src/chess.ts:1492
error: src/chess.ts: patch does not apply
18:55:43 [model] exchange 15: 2888 tok in 14s, reasoning 8081 chars
18:55:43 [human] git apply -> rc=1 error: patch failed: src/chess.ts:1492
error: src/chess.ts: patch does not apply
18:55:48 [model] exchange 16: 1203 tok in 5s, reasoning 1548 chars
18:55:48 [human] git apply -> rc=1 error: patch failed: src/chess.ts:1492
error: src/chess.ts: patch does not apply
18:56:36 [model] exchange 17: 9885 tok in 48s, reasoning 33774 chars
18:56:36 [human] git apply -> rc=1 error: patch failed: src/chess.ts:1492
error: src/chess.ts: patch does not apply
18:56:41 [model] exchange 18: 1274 tok in 6s, reasoning 4970 chars
18:56:56 [model] exchange 19: 3600 tok in 14s, reasoning 11393 chars
18:56:56 [human] git apply -> rc=128 error: No valid patches in input (allow with "--allow-empty")
18:57:02 [model] exchange 20: 1774 tok in 7s, reasoning 4759 chars
18:57:13 [model] exchange 21: 2449 tok in 10s, reasoning 7341 chars
18:57:17 [model] exchange 22: 1188 tok in 4s, reasoning 2525 chars
18:57:17 [human] git apply -> rc=128 error: No valid patches in input (allow with "--allow-empty")
18:57:19 [model] exchange 23: 669 tok in 3s, reasoning 1229 chars
18:57:22 [model] exchange 24: 554 tok in 2s, reasoning 1931 chars
18:57:26 [model] exchange 25: 843 tok in 4s, reasoning 3134 chars
18:57:32 [model] exchange 26: 1569 tok in 6s, reasoning 4474 chars
18:57:32 [human] git apply -> rc=1 error: patch failed: src/chess.ts:1492
error: src/chess.ts: patch does not apply
18:57:34 [model] exchange 27: 286 tok in 2s, reasoning 858 chars
18:57:35 [model] exchange 28: 229 tok in 1s, reasoning 846 chars
18:57:40 [model] exchange 29: 1302 tok in 5s, reasoning 2888 chars
18:57:40 [human] git apply -> rc=128 error: No valid patches in input (allow with "--allow-empty")
18:57:58 [model] exchange 30: 4719 tok in 18s, reasoning 14777 chars
18:57:58 [human] finished after 30 exchanges; transcript at D:\dev\ab-tasks\_runs\_laneC\chessjs-577\dsv4\transcript.jsonl
