 packages/react/slot/src/slot.test.tsx | 55 ++++++++++++++++++++++++++++++++++++++++++++++++++++++-
 packages/react/slot/src/slot.tsx      |  7 ++++---
 2 files changed, 58 insertions(+), 4 deletions(-)
diff --git a/packages/react/slot/src/slot.tsx b/packages/react/slot/src/slot.tsx
index acb7e7bb..5e7f354e 100644
--- a/packages/react/slot/src/slot.tsx
+++ b/packages/react/slot/src/slot.tsx
@@ -1,5 +1,5 @@
 import * as React from 'react';
-import { composeRefs } from '@radix-ui/react-compose-refs';
+import { useComposedRefs } from '@radix-ui/react-compose-refs';
 
 declare module 'react' {
   interface ReactElement {
@@ -59,6 +59,9 @@ interface SlotProps extends React.HTMLAttributes<HTMLElement> {
       slottableElement = children;
     }
 
+    const slottableElementRef = slottableElement ? getElementRef(slottableElement) : undefined;
+    const composedRefs = useComposedRefs(forwardedRef, slottableElementRef);
+
     if (!slottableElement) {
       // Empty/falsy children (`null`, `undefined`, `false`, no children, etc.) are valid and
       // render nothing. Anything else is content we couldn't slot onto a single element, which
@@ -71,8 +74,6 @@ interface SlotProps extends React.HTMLAttributes<HTMLElement> {
       return children;
     }
 
-    const slottableElementRef = getElementRef(slottableElement);
-    const composedRefs = composeRefs(forwardedRef, slottableElementRef);
     const mergedProps = mergeProps(slotProps, slottableElement.props ?? {});
 
     // do not pass ref to React.Fragment for React 19 compatibility
