diff --git a/src/config.ts b/src/config.ts
index 745908f..a212492 100644
--- a/src/config.ts
+++ b/src/config.ts
@@ -86,7 +86,9 @@ export interface Config {
     enabled?: boolean; // can draw
     visible?: boolean; // can view
     defaultSnapToValidMove?: boolean;
-    // Clicking an empty square or immovable piece will clear the drawing regardless, but when this property is true,
+    // When false, no click on the board will clear the drawing.
+    eraseOnClick?: boolean;
+    // Clicking an empty square or immovable piece will clear the drawing, but when this property is true,
     // clicking on a (currently unselected) movable piece will also clear the drawing.
     eraseOnMovablePieceClick?: boolean;
     shapes?: DrawShape[];
diff --git a/src/drag.ts b/src/drag.ts
index 0fbe74a..5c44dd1 100644
--- a/src/drag.ts
+++ b/src/drag.ts
@@ -32,6 +32,7 @@ export function start(s: State, e: cg.MouchEvent): void {
   if (
     !previouslySelected &&
     s.drawable.enabled &&
+    s.drawable.eraseOnClick &&
     (s.drawable.eraseOnMovablePieceClick || !piece || piece.color !== s.turnColor)
   )
     drawClear(s);
diff --git a/src/draw.ts b/src/draw.ts
index 1fe7d4f..b79b2bb 100644
--- a/src/draw.ts
+++ b/src/draw.ts
@@ -45,6 +45,7 @@ export interface Drawable {
   visible: boolean; // can view
   defaultSnapToValidMove: boolean;
   eraseOnMovablePieceClick: boolean;
+  eraseOnClick: boolean;
   onChange?: (shapes: DrawShape[]) => void;
   shapes: DrawShape[]; // user shapes
   autoShapes: DrawShape[]; // computer shapes
diff --git a/src/state.ts b/src/state.ts
index df9a318..7bbf1b3 100644
--- a/src/state.ts
+++ b/src/state.ts
@@ -178,6 +178,7 @@ export function defaults(): HeadlessState {
       visible: true, // can view
       defaultSnapToValidMove: true,
       eraseOnMovablePieceClick: true,
+      eraseOnClick: true,
       shapes: [],
       autoShapes: [],
       brushes: {
