warning: in the working copy of 'src/fen.ts', LF will be replaced by CRLF the next time Git touches it
diff --git a/src/config.ts b/src/config.ts
index 745908f..7297d44 100644
--- a/src/config.ts
+++ b/src/config.ts
@@ -86,8 +86,10 @@ export interface Config {
     enabled?: boolean; // can draw
     visible?: boolean; // can view
     defaultSnapToValidMove?: boolean;
-    // Clicking an empty square or immovable piece will clear the drawing regardless, but when this property is true,
-    // clicking on a (currently unselected) movable piece will also clear the drawing.
+    // Clicking an empty square or a piece not of the turn color will clear all shapes.
+    // Set to false to disable the "erase on click" functionality entirely.
+    eraseOnClick?: boolean;
+    // When this property is true, clicking on a (currently unselected) movable piece will also clear the drawing.
     eraseOnMovablePieceClick?: boolean;
     shapes?: DrawShape[];
     autoShapes?: DrawShape[];
diff --git a/src/drag.ts b/src/drag.ts
index 0fbe74a..5c44dd1 100644
--- a/src/drag.ts
+++ b/src/drag.ts
@@ -32,6 +32,7 @@ export function start(s: State, e: cg.MouchEvent): void {
   if (
     !previouslySelected &&
     s.drawable.enabled &&
+    s.drawable.eraseOnClick &&
     (s.drawable.eraseOnMovablePieceClick || !piece || piece.color !== s.turnColor)
   )
     drawClear(s);
diff --git a/src/draw.ts b/src/draw.ts
index 1fe7d4f..ee6435b 100644
--- a/src/draw.ts
+++ b/src/draw.ts
@@ -44,6 +44,7 @@ export interface Drawable {
   enabled: boolean; // can draw
   visible: boolean; // can view
   defaultSnapToValidMove: boolean;
+  eraseOnClick: boolean;
   eraseOnMovablePieceClick: boolean;
   onChange?: (shapes: DrawShape[]) => void;
   shapes: DrawShape[]; // user shapes
diff --git a/src/state.ts b/src/state.ts
index df9a318..ea12c8c 100644
--- a/src/state.ts
+++ b/src/state.ts
@@ -177,6 +177,7 @@ export function defaults(): HeadlessState {
       enabled: true, // can draw
       visible: true, // can view
       defaultSnapToValidMove: true,
+      eraseOnClick: true,
       eraseOnMovablePieceClick: true,
       shapes: [],
       autoShapes: [],
 M src/config.ts
 M src/drag.ts
 M src/draw.ts
 M src/fen.ts
 M src/state.ts
?? tests/drawable.test.ts
