=== branch:
* (no branch)
+ master
  remotes/origin/3d
  remotes/origin/HEAD -> origin/master
  remotes/origin/abs
  remotes/origin/backup_glyphs
  remotes/origin/bare
  remotes/origin/benediktwerner-fix-off-by-1
  remotes/origin/ci-tests
  remotes/origin/custom-drawable
  remotes/origin/drag-like-a-boss
  remotes/origin/duplicate-drag-start
  remotes/origin/esmodule
  remotes/origin/fast-drag
  remotes/origin/hotfix
  remotes/origin/hotfix-broken-premoves
  remotes/origin/less-unsafe-pos-key-conversions
  remotes/origin/master
  remotes/origin/mithril
  remotes/origin/mithril-2.2
  remotes/origin/mithril1
  remotes/origin/mobile
  remotes/origin/nativedrag
  remotes/origin/no-om
  remotes/origin/nojquery
  remotes/origin/noqueues
  remotes/origin/noreact
  remotes/origin/nosquares
  remotes/origin/om
  remotes/origin/pieces-map
  remotes/origin/premove-arrow
  remotes/origin/pureAnims
  remotes/origin/pureDrag
  remotes/origin/react
  remotes/origin/resize-observer
  remotes/origin/rollup
  remotes/origin/touchevents
  remotes/origin/unbind-resize-observer
  remotes/origin/v4
  remotes/origin/v5
  remotes/origin/v6
=== diff working tree vs HEAD (stats):
