Finished in 214ms on 12 files using 32 threads.
warning: in the working copy of 'packages/react/dismissable-layer/src/dismissable-layer.tsx', LF will be replaced by CRLF the next time Git touches it
warning: in the working copy of 'packages/react/dropdown-menu/src/dropdown-menu.tsx', LF will be replaced by CRLF the next time Git touches it
warning: in the working copy of 'packages/react/focus-scope/src/focus-scope.tsx', LF will be replaced by CRLF the next time Git touches it
warning: in the working copy of 'packages/react/menu/src/menu.tsx', LF will be replaced by CRLF the next time Git touches it
warning: in the working copy of 'packages/react/navigation-menu/src/navigation-menu.tsx', LF will be replaced by CRLF the next time Git touches it
warning: in the working copy of 'packages/react/popper/src/popper.tsx', LF will be replaced by CRLF the next time Git touches it
warning: in the working copy of 'packages/react/radio-group/src/radio.tsx', LF will be replaced by CRLF the next time Git touches it
warning: in the working copy of 'packages/react/scroll-area/src/scroll-area.tsx', LF will be replaced by CRLF the next time Git touches it
warning: in the working copy of 'packages/react/select/src/select.tsx', LF will be replaced by CRLF the next time Git touches it
warning: in the working copy of 'packages/react/slider/src/slider.tsx', LF will be replaced by CRLF the next time Git touches it
warning: in the working copy of 'packages/react/switch/src/switch.tsx', LF will be replaced by CRLF the next time Git touches it
warning: in the working copy of 'packages/react/toast/src/toast.tsx', LF will be replaced by CRLF the next time Git touches it
 packages/react/dismissable-layer/src/dismissable-layer.tsx |  2 +-
 packages/react/dropdown-menu/src/dropdown-menu.tsx         |  5 +++--
 packages/react/focus-scope/src/focus-scope.tsx             |  2 +-
 packages/react/menu/src/menu.tsx                           |  6 ++++--
 packages/react/navigation-menu/src/navigation-menu.tsx     | 42 ++++++++++++++++++++++++++++++++++--------
 packages/react/popper/src/popper.tsx                       |  2 +-
 packages/react/radio-group/src/radio.tsx                   |  2 +-
 packages/react/scroll-area/src/scroll-area.tsx             |  8 +++-----
 packages/react/select/src/select.tsx                       | 14 +++++++++-----
 packages/react/slider/src/slider.tsx                       |  6 +++---
 packages/react/slot/src/slot.tsx                           |  9 +++++----
 packages/react/switch/src/switch.tsx                       |  2 +-
 packages/react/toast/src/toast.tsx                         |  2 +-
 13 files changed, 67 insertions(+), 35 deletions(-)
