### region 1 (read, ~470 tok)

.
  - vitest.config.ts            170B      5m ago
  - tsconfig.json               413B      5m ago
  - tests/                                5m ago
    - premove.test.ts           3.0KB     5m ago
    - fen.test.ts               391B      5m ago
  - src/                                  5m ago
    - wrap.ts                   3.9KB     5m ago
    - state.ts                  7.7KB     5m ago
    - svg.ts                    16.3KB    5m ago
    - sync.ts                   1.1KB     5m ago
    - types.ts                  3.1KB     5m ago
    - util.ts                   6.0KB     5m ago
    - explosion.ts              543B      5m ago
    - fen.ts                    1.9KB     5m ago
    - premove.ts                2.6KB     5m ago
    - render.ts                 10.2KB    5m ago
    - drag.ts                   8.8KB     5m ago
    - … 8 more
    - config.ts                 7.7KB     5m ago
  - screenshot/                           5m ago
    - twin.jpg                  376.7KB   5m ago
    - 3d.png                    479.0KB   5m ago
    - 2d.png                    396.4KB   5m ago
  - package.json                1.7KB     5m ago
  - pnpm-lock.yaml              67.2KB    5m ago
  - assets/                               5m ago
    - chessground.brown.css     2.9KB     5m ago
    - chessground.cburnett.css  11.3KB    5m ago
    - chessground.base.css      3.7KB     5m ago
  - demo.html                   3.1KB     5m ago
  - README.md                   4.7KB     5m ago
  - .gitignore                  65B       5m ago
  - .oxfmtrc.json               403B      5m ago
  - .oxlintrc.json              3.8KB     5m ago
  - LICENSE                     35.0KB    5m ago
  - .gitattributes              17B       5m ago
  - .github/                              5m ago
    - workflows/                          5m ago

[1 results limit reached. Use limit=2 for more]

### region 2 (read, ~408 tok)

{
  "name": "@lichess-org/chessground",
  "version": "10.1.1",
  "//": "version is managed by the build system",
  "description": "lichess.org chess ui",
  "type": "module",
  "main": "dist/chessground.js",
  "types": "chessground.d.ts",
  "exports": {
    ".": "./dist/chessground.js",
    "./assets/*": "./assets/*",
    "./*": "./dist/*.js"
  },
  "typesVersions": {
    "*": {
      "*": [
        "dist/*"
      ]
    }
  },
  "devDependencies": {
    "esbuild": "^0.25.12",
    "jsdom": "^26.1.0",
    "oxfmt": "^0.42.0",
    "oxlint": "^1.57.0",
    "oxlint-tsgolint": "^0.18.1",
    "typescript": "^5.9.3",
    "vitest": "^3.2.4"
  },
  "scripts": {
    "prepare": "$npm_execpath run compile",
    "compile": "tsc --sourceMap --declaration",
    "lint": "oxlint",
    "lint:fix": "oxlint --fix",
    "format": "oxfmt",
    "check-format": "oxfmt --check",
    "bundle": "esbuild src/chessground.ts --bundle --format=esm --outfile=dist/chessground.min.js --minify",
    "dist": "$npm_execpath run compile && $npm_execpath run bundle",
    "test": "vitest run",
    "test:watch": "vitest"
  },
  "files": [
    "/dist/*.js",
    "/dist/*.d.ts",
    "/dist/*.js.map",
    "/assets/*.css",
    "/src/*.ts"
  ],
  "repository": "https://github.com/lichess-org/chessground",
  "keywords": [
    "chess",
    "lichess",
    "lichess.org",
    "chessboard",
    "ui",
    "typescript"
  ],
  "author": "Lichess Team <contact@lichess.org>",
  "license": "GPL-3.0-or-later",
  "bugs": {
    "url": "https://github.com/lichess-org/chessground/issues"
  },
  "funding": "https://lichess.org/patron",
  "packageManager": "pnpm@10.32.1"
}

### region 3 (read, ~99 tok)

{
  "include": ["src/*.ts"],
  "exclude": [],
  "compilerOptions": {
    "outDir": "dist",
    "rootDir": "src",
    "noEmitOnError": false,
    "strict": true,
    "noUnusedLocals": true,
    "noUnusedParameters": true,
    "noImplicitThis": true,
    "noImplicitReturns": true,
    "module": "esnext",
    "moduleResolution": "node",
    "target": "ES2020",
    "lib": ["DOM", "ES2020"]
  }
}

### region 4 (read, ~283 tok)

<!doctype html>
<html>
  <head>
    <meta charset="utf-8" />
    <meta name="viewport" content="width=device-width, initial-scale=1" />
    <title>Chessground Demo</title>

    <link rel="stylesheet" type="text/css" href="assets/chessground.base.css" />
    <link rel="stylesheet" type="text/css" href="assets/chessground.brown.css" />
    <link rel="stylesheet" type="text/css" href="assets/chessground.cburnett.css" />
    <style>
      body {
        display: flex;
        flex-wrap: wrap;
      }

      body > div {
        margin: 10px;
      }

      .chessground {
        width: 500px;
        height: 500px;
      }

      cg-board {
        background-color: #bfcfdd;
      }
    </style>

    <script type="module">
…
    </script>
  </head>
  <body>
    <div>
      basic board, default config
      <div class="chessground" id="board-1"></div>
    </div>
    <div>
      board with a fen
      <div class="chessground" id="board-2"></div>
    </div>
    <div>
…
    </div>
    <div>
…
    </div>
    <div>
…
    </div>
  </body>
</html>

[…69ln elided; re-read needed ranges, e.g. demo.html:32-94,107-108]

### region 5 (bash, ~9 tok)

(no output)

Wall time: 1.64 seconds

### region 6 (read, ~582 tok)

  <head>
…
    <style>
…
    </style>

    <script type="module">
      import { Chessground } from './dist/chessground.js';

      Chessground(document.getElementById('board-1'), {});
      Chessground(document.getElementById('board-2'), {
        fen: 'r2q2k1/1p6/p2p4/2pN1rp1/N1Pb2Q1/8/PP1B4/R6K b - - 2 25',
      });
      Chessground(document.getElementById('board-3'), {
        drawable: {
          autoShapes: [
            {
              orig: 'a2',
              dest: 'a6',
              brush: 'green',
              label: { text: 'A' },
              modifiers: {
                hilite: '#fff',
              },
            },
            {
              orig: 'b2',
              dest: 'b6',
              brush: 'blue',
              label: { text: 'B' },
              modifiers: {
                lineWidth: 6,
              },
            },
            {
              orig: 'c2',
              dest: 'c4',
              brush: 'red',
              label: { text: 'C' },
            },
            {
              orig: 'd2',
              dest: 'd3',
              brush: 'green',
              label: { text: 'D' },
            },
            {
              orig: 'f1',
              dest: 'h3',
              brush: 'blue',
              label: { text: 'F' },
            },
            {
              orig: 'g1',
              dest: 'f3',
              brush: 'yellow',
              label: { text: 'E' },
            },
          ],
        },
      });
      Chessground(document.getElementById('board-4'), {
        orientation: 'black',
        coordinatesOnSquares: true,
        ranksPosition: 'left',
      });
      Chessground(document.getElementById('board-5'), {
        orientation: 'white',
        coordinatesOnSquares: true,
      });
    </script>
  </head>
  <body>
    <div>
      basic board, default config
      <div class="chessground" id="board-1"></div>
    </div>
    <div>
      board with a fen
      <div class="chessground" id="board-2"></div>
    </div>
    <div>
      board with fixed arrows + labels
      <div class="chessground" id="board-3"></div>
    </div>
    <div>
      board with coordinates on-square, ranks position left
      <div class="chessground" id="board-4"></div>
    </div>
…
  </body>

[Showing lines 29-113 of 119. Use :114 to continue]

### region 7 (glob, ~49 tok)

# dist/
chessground.js
wrap.js
svg.js
render.js
events.js
drop.js
autoPieces.js
sync.js
api.js
explosion.js
config.js
anim.js
state.js
fen.js
drag.js
draw.js
board.js
premove.js
util.js
types.js

### region 8 (bash, ~10 tok)

no playwright


Wall time: 0.20 seconds

### region 9 (bash, ~16 tok)

(no output)

Wall time: 0.25 seconds

Command exited with code 1
