diff --git a/src/chessground.ts b/src/chessground.ts
index bece308..d2cfa81 100644
--- a/src/chessground.ts
+++ b/src/chessground.ts
@@ -5,6 +5,7 @@ import * as events from './events.js';
 import { render, renderResized, updateBounds } from './render.js';
 import { defaults, type HeadlessState, type State } from './state.js';
 import * as svg from './svg.js';
+import type * as cg from './types.js';
 import * as util from './util.js';
 import { renderWrap } from './wrap.js';
 
@@ -17,8 +18,16 @@ export function Chessground(element: HTMLElement, config?: Config): Api {
 
   configure(maybeState, config || {});
 
+  // board-level bindings (like the ResizeObserver) are re-created on every
+  // redraw; keep the unbind of the current generation so the previous one
+  // can be released. document-wide listeners are only bound once.
+  let unbindBoard: cg.Unbind | undefined;
+  let unbindDocument: cg.Unbind | undefined;
+
   function redrawAll(): State {
-    const prevUnbind = 'dom' in maybeState ? maybeState.dom.unbind : undefined;
+    unbindBoard?.();
+    unbindBoard = undefined;
+
     // compute bounds from existing board element if possible
     // this allows non-square boards from CSS to be handled (for 3D)
     const elements = renderWrap(element, maybeState),
@@ -39,13 +48,16 @@ export function Chessground(element: HTMLElement, config?: Config): Api {
       bounds,
       redraw: debounceRedraw(redrawNow),
       redrawNow,
-      unbind: prevUnbind,
+      unbind: () => {
+        unbindBoard?.();
+        unbindDocument?.();
+      },
     };
     state.drawable.prevSvgHash = '';
     updateBounds(state);
     redrawNow(false);
-    events.bindBoard(state, onResize);
-    if (!prevUnbind) state.dom.unbind = events.bindDocument(state, onResize);
+    unbindBoard = events.bindBoard(state, onResize);
+    unbindDocument ??= events.bindDocument(state, onResize);
     state.events.insert?.(elements);
     return state;
   }
diff --git a/src/events.ts b/src/events.ts
index 756dd50..386b4ae 100644
--- a/src/events.ts
+++ b/src/events.ts
@@ -8,26 +8,36 @@ import { isRightButton } from './util.js';
 type MouchBind = (e: cg.MouchEvent) => void;
 type StateMouchBind = (d: State, e: cg.MouchEvent) => void;
 
-export function bindBoard(s: State, onResize: () => void): void {
+export function bindBoard(s: State, onResize: () => void): cg.Unbind {
   const boardEl = s.dom.elements.board;
+  const unbinds: cg.Unbind[] = [];
 
-  if ('ResizeObserver' in window) new ResizeObserver(onResize).observe(s.dom.elements.wrap);
+  // the browser retains the observer while it is observing, keeping the
+  // wrap (and the whole board subtree) alive, so it must be disconnected
+  // when the board is redrawn or destroyed
+  if ('ResizeObserver' in window) {
+    const ro = new ResizeObserver(onResize);
+    ro.observe(s.dom.elements.wrap);
+    unbinds.push(() => ro.disconnect());
+  }
 
   if (s.disableContextMenu || s.drawable.enabled) {
     boardEl.addEventListener('contextmenu', e => e.preventDefault());
   }
 
-  if (s.viewOnly) return;
+  if (!s.viewOnly) {
+    // Cannot be passive, because we prevent touch scrolling and dragging of
+    // selected elements.
+    const onStart = startDragOrDraw(s);
+    boardEl.addEventListener('touchstart', onStart as EventListener, {
+      passive: false,
+    });
+    boardEl.addEventListener('mousedown', onStart as EventListener, {
+      passive: false,
+    });
+  }
 
-  // Cannot be passive, because we prevent touch scrolling and dragging of
-  // selected elements.
-  const onStart = startDragOrDraw(s);
-  boardEl.addEventListener('touchstart', onStart as EventListener, {
-    passive: false,
-  });
-  boardEl.addEventListener('mousedown', onStart as EventListener, {
-    passive: false,
-  });
+  return () => unbinds.forEach(f => f());
 }
 
 // returns the unbind function
