{
  "name": "@lichess-org/chessground",
  "version": "10.1.1",
  "//": "version is managed by the build system",
  "description": "lichess.org chess ui",
  "type": "module",
  "main": "dist/chessground.js",
  "types": "chessground.d.ts",
  "exports": {
    ".": "./dist/chessground.js",
    "./assets/*": "./assets/*",
    "./*": "./dist/*.js"
  },
  "typesVersions": {
    "*": {
      "*": [
        "dist/*"
      ]
    }
  },
  "devDependencies": {
    "esbuild": "^0.28.1",
    "jsdom": "^26.1.0",
    "oxfmt": "^0.57.0",
    "oxlint": "^1.72.0",
    "oxlint-tsgolint": "^0.24.0",
    "typescript": "^5.9.3",
    "vitest": "^3.2.6"
  },
  "scripts": {
    "prepare": "$npm_execpath run compile",
    "compile": "tsc --sourceMap --declaration",
    "lint": "oxlint",
    "lint:fix": "oxlint --fix",
    "format": "oxfmt",
    "check-format": "oxfmt --check",
    "bundle": "esbuild src/chessground.ts --bundle --format=esm --outfile=dist/chessground.min.js --minify",
    "dist": "$npm_execpath run compile && $npm_execpath run bundle",
    "test": "vitest run",
    "test:watch": "vitest"
  },
  "files": [
    "/dist/*.js",
    "/dist/*.d.ts",
    "/dist/*.js.map",
    "/assets/*.css",
    "/src/*.ts"
  ],
  "repository": "https://github.com/lichess-org/chessground",
  "keywords": [
    "chess",
    "lichess",
    "lichess.org",
    "chessboard",
    "ui",
    "typescript"
  ],
  "author": "Lichess Team <contact@lichess.org>",
  "license": "GPL-3.0-or-later",
  "bugs": {
    "url": "https://github.com/lichess-org/chessground/issues"
  },
  "funding": "https://lichess.org/patron",
  "packageManager": "pnpm@11.5.1",
  "engines": {
    "node": ">=22",
    "pnpm": "11"
  }
}
=====SRC=====
total 114886
drwxrwxrwx 1 somebody somegroup  4096 Aug 20 18:38 .
drwxrwxrwx 1 somebody somegroup  4096 Aug 20 18:38 ..
-rwxrwxrwx 1 somebody somegroup  4170 Aug 20 18:38 anim.ts
-rwxrwxrwx 1 somebody somegroup  5304 Aug 20 18:38 api.ts
-rwxrwxrwx 1 somebody somegroup  1923 Aug 20 18:38 autoPieces.ts
-rwxrwxrwx 1 somebody somegroup 12335 Aug 20 18:38 board.ts
-rwxrwxrwx 1 somebody somegroup  2295 Aug 20 18:38 chessground.ts
-rwxrwxrwx 1 somebody somegroup  7842 Aug 20 18:38 config.ts
-rwxrwxrwx 1 somebody somegroup  9006 Aug 20 18:38 drag.ts
-rwxrwxrwx 1 somebody somegroup  4886 Aug 20 18:38 draw.ts
-rwxrwxrwx 1 somebody somegroup   904 Aug 20 18:38 drop.ts
-rwxrwxrwx 1 somebody somegroup  3377 Aug 20 18:38 events.ts
-rwxrwxrwx 1 somebody somegroup   543 Aug 20 18:38 explosion.ts
-rwxrwxrwx 1 somebody somegroup  1890 Aug 20 18:38 fen.ts
-rwxrwxrwx 1 somebody somegroup  2648 Aug 20 18:38 premove.ts
-rwxrwxrwx 1 somebody somegroup 10460 Aug 20 18:38 render.ts
-rwxrwxrwx 1 somebody somegroup  7926 Aug 20 18:38 state.ts
-rwxrwxrwx 1 somebody somegroup 16688 Aug 20 18:38 svg.ts
-rwxrwxrwx 1 somebody somegroup  1170 Aug 20 18:38 sync.ts
-rwxrwxrwx 1 somebody somegroup  3154 Aug 20 18:38 types.ts
-rwxrwxrwx 1 somebody somegroup  6192 Aug 20 18:38 util.ts
-rwxrwxrwx 1 somebody somegroup  3981 Aug 20 18:38 wrap.ts
=====TESTS=====
total 7575
drwxrwxrwx 1 somebody somegroup    0 Aug 20 18:38 .
drwxrwxrwx 1 somebody somegroup 4096 Aug 20 18:38 ..
-rwxrwxrwx 1 somebody somegroup  391 Aug 20 18:38 fen.test.ts
-rwxrwxrwx 1 somebody somegroup 3088 Aug 20 18:38 premove.test.ts
