19:23:30 [model] exchange 1: 439 tok in 2s, reasoning 1410 chars
19:23:30 [human] pasting package.json (1962 chars)
19:23:30 [human] pasting src/chess.ts in 2 chunks (77215 chars total)
19:23:40 [model] exchange 2: 2362 tok in 10s, reasoning 7556 chars
19:25:12 [model] exchange 3: 25018 tok in 92s, reasoning 84287 chars
19:25:12 [human] git apply -> rc=0 
19:25:16 [human] tests rc=0
19:25:30 [model] exchange 4: 3607 tok in 15s, reasoning 11574 chars
19:25:30 [human] git apply -> rc=0 
19:25:33 [human] tests rc=0
19:25:47 [model] exchange 5: 3404 tok in 14s, reasoning 10083 chars
19:25:49 [model] exchange 6: 539 tok in 2s, reasoning 330 chars
19:25:55 [model] exchange 7: 1594 tok in 6s, reasoning 5689 chars
19:25:56 [model] exchange 8: 158 tok in 1s, reasoning 507 chars
19:26:07 [model] exchange 9: 3095 tok in 11s, reasoning 8859 chars
19:26:07 [human] git apply -> rc=128 error: corrupt patch at line 55
19:26:16 [model] exchange 10: 2997 tok in 10s, reasoning 8378 chars
19:26:16 [human] wrote __tests__/edge-pawn.test.ts (1690 chars)
19:26:19 [human] tests rc=0
19:26:20 [model] exchange 11: 167 tok in 1s, reasoning 106 chars
19:26:22 [model] exchange 12: 334 tok in 2s, reasoning 289 chars
19:26:23 [model] exchange 13: 129 tok in 1s, reasoning 367 chars
19:26:23 [human] all scripted turns delivered and model reports done — stopping
19:26:23 [human] finished after 13 exchanges; transcript at D:\dev\ab-tasks\_runs\_laneC\chessjs-577\dsv4\transcript.jsonl
