commit 30ba00c3a8c10cf6cfdde6fab9e2b73aca74273a
Author: John Doknjas <jdoknjas@sfu.ca>
Date:   Sun Oct 12 13:33:08 2025 -0700

    Unrelated to PR, but make variable name a bit more accurate.

 src/config.ts | 6 +++---
 src/drag.ts   | 2 +-
 src/draw.ts   | 2 +-
 src/state.ts  | 2 +-
 4 files changed, 6 insertions(+), 6 deletions(-)
=====
commit 30ba00c3a8c10cf6cfdde6fab9e2b73aca74273a
Author: John Doknjas <jdoknjas@sfu.ca>
Date:   Sun Oct 12 13:33:08 2025 -0700

    Unrelated to PR, but make variable name a bit more accurate.

diff --git a/src/config.ts b/src/config.ts
index 043603c..a9e5fb6 100644
--- a/src/config.ts
+++ b/src/config.ts
@@ -84,9 +84,9 @@ export interface Config {
     enabled?: boolean; // can draw
     visible?: boolean; // can view
     defaultSnapToValidMove?: boolean;
-    // false to keep the drawing if a movable piece is clicked.
-    // Clicking an empty square or immovable piece will clear the drawing regardless.
-    eraseOnClick?: boolean;
+    // Clicking an empty square or immovable piece will clear the drawing regardless, but when this property is true,
+    // clicking on a (currently unselected) movable piece will also clear the drawing.
+    eraseOnMovablePieceClick?: boolean;
     shapes?: DrawShape[];
     autoShapes?: DrawShape[];
     brushes?: DrawBrushes;
diff --git a/src/drag.ts b/src/drag.ts
index adea976..9e90ee9 100644
--- a/src/drag.ts
+++ b/src/drag.ts
@@ -32,7 +32,7 @@ export function start(s: State, e: cg.MouchEvent): void {
   if (
     !previouslySelected &&
     s.drawable.enabled &&
-    (s.drawable.eraseOnClick || !piece || piece.color !== s.turnColor)
+    (s.drawable.eraseOnMovablePieceClick || !piece || piece.color !== s.turnColor)
   )
     s.pendingDrawClear = true;
   // Prevent touch scroll and create no corresponding mouse event, if there
diff --git a/src/draw.ts b/src/draw.ts
index 95bc10e..c68b801 100644
--- a/src/draw.ts
+++ b/src/draw.ts
@@ -44,7 +44,7 @@ export interface Drawable {
   enabled: boolean; // can draw
   visible: boolean; // can view
   defaultSnapToValidMove: boolean;
-  eraseOnClick: boolean;
+  eraseOnMovablePieceClick: boolean;
   onChange?: (shapes: DrawShape[]) => void;
   shapes: DrawShape[]; // user shapes
   autoShapes: DrawShape[]; // computer shapes
diff --git a/src/state.ts b/src/state.ts
index cd7fa17..ad37b38 100644
--- a/src/state.ts
+++ b/src/state.ts
@@ -177,7 +177,7 @@ export function defaults(): HeadlessState {
       enabled: true, // can draw
       visible: true, // can view
       defaultSnapToValidMove: true,
-      eraseOnClick: true,
+      eraseOnMovablePieceClick: true,
       shapes: [],
       autoShapes: [],
       brushes: {
