commit 03cc8ff18cc85b3f127f4788d6583551c75f4032
Author: John Doknjas <jdoknjas@sfu.ca>
Date:   Thu Oct 16 16:52:06 2025 -0700

    Revert "Merge pull request #352 from johndoknjas/clear-shapes-after-click-or-tap"
    
    This reverts commit 8e560c9c5d70e71f56f063251859311cd1ec5f49, reversing
    changes made to f690a670b5373891ce01026e8980f6b534783d89.

 src/config.ts |  6 +++---
 src/drag.ts   | 12 ++----------
 src/draw.ts   |  2 +-
 src/state.ts  |  3 +--
 4 files changed, 7 insertions(+), 16 deletions(-)
=====
commit 03cc8ff18cc85b3f127f4788d6583551c75f4032
Author: John Doknjas <jdoknjas@sfu.ca>
Date:   Thu Oct 16 16:52:06 2025 -0700

    Revert "Merge pull request #352 from johndoknjas/clear-shapes-after-click-or-tap"
    
    This reverts commit 8e560c9c5d70e71f56f063251859311cd1ec5f49, reversing
    changes made to f690a670b5373891ce01026e8980f6b534783d89.

diff --git a/src/config.ts b/src/config.ts
index 9ca5f9a..4d20490 100644
--- a/src/config.ts
+++ b/src/config.ts
@@ -85,9 +85,9 @@ export interface Config {
     enabled?: boolean; // can draw
     visible?: boolean; // can view
     defaultSnapToValidMove?: boolean;
-    // Clicking an empty square or immovable piece will clear the drawing regardless, but when this property is true,
-    // clicking on a (currently unselected) movable piece will also clear the drawing.
-    eraseOnMovablePieceClick?: boolean;
+    // false to keep the drawing if a movable piece is clicked.
+    // Clicking an empty square or immovable piece will clear the drawing regardless.
+    eraseOnClick?: boolean;
     shapes?: DrawShape[];
     autoShapes?: DrawShape[];
     brushes?: DrawBrushes;
diff --git a/src/drag.ts b/src/drag.ts
index 4c0b028..f3691ae 100644
--- a/src/drag.ts
+++ b/src/drag.ts
@@ -32,9 +32,9 @@ export function start(s: State, e: cg.MouchEvent): void {
   if (
     !previouslySelected &&
     s.drawable.enabled &&
-    (s.drawable.eraseOnMovablePieceClick || !piece || piece.color !== s.turnColor)
+    (s.drawable.eraseOnClick || !piece || piece.color !== s.turnColor)
   )
-    s.pixelCoordsOfMouchDownToMaybeClearShapes = position;
+    drawClear(s);
   // Prevent touch scroll and create no corresponding mouse event, if there
   // is an intent to interact with the board.
   if (
@@ -159,14 +159,6 @@ export function move(s: State, e: cg.MouchEvent): void {
 }
 
 export function end(s: State, e: cg.MouchEvent): void {
-  const position = util.eventPosition(e);
-  if (
-    position &&
-    s.pixelCoordsOfMouchDownToMaybeClearShapes &&
-    util.samePos(position, s.pixelCoordsOfMouchDownToMaybeClearShapes)
-  )
-    drawClear(s);
-  s.pixelCoordsOfMouchDownToMaybeClearShapes = undefined;
   const cur = s.draggable.current;
   if (!cur) return;
   // create no corresponding mouse event
diff --git a/src/draw.ts b/src/draw.ts
index c68b801..95bc10e 100644
--- a/src/draw.ts
+++ b/src/draw.ts
@@ -44,7 +44,7 @@ export interface Drawable {
   enabled: boolean; // can draw
   visible: boolean; // can view
   defaultSnapToValidMove: boolean;
-  eraseOnMovablePieceClick: boolean;
+  eraseOnClick: boolean;
   onChange?: (shapes: DrawShape[]) => void;
   shapes: DrawShape[]; // user shapes
   autoShapes: DrawShape[]; // computer shapes
diff --git a/src/state.ts b/src/state.ts
index b4f3035..0aefd9e 100644
--- a/src/state.ts
+++ b/src/state.ts
@@ -23,7 +23,6 @@ export interface HeadlessState {
   blockTouchScroll: boolean; // block scrolling via touch dragging on the board
   touchIgnoreRadius: number; // ignore touches within a radius of an occupied square, in units of its circumradius
   pieceKey: boolean; // add a data-key attribute to piece elements
-  pixelCoordsOfMouchDownToMaybeClearShapes?: cg.NumberPair;
   trustAllEvents?: boolean; // disable checking for human only input (e.isTrusted)
   highlight: {
     lastMove: boolean; // add last-move class to squares
@@ -177,7 +176,7 @@ export function defaults(): HeadlessState {
       enabled: true, // can draw
       visible: true, // can view
       defaultSnapToValidMove: true,
-      eraseOnMovablePieceClick: true,
+      eraseOnClick: true,
       shapes: [],
       autoShapes: [],
       brushes: {
